
> my-v0-project@0.1.0 build
> next build

node.exe : 
[baseline-browser-mapping] 
The data in this module is 
over two months old.  To 
ensure accurate Baseline 
data, please update: `npm 
i baseline-browser-mapping@
latest -D`
At line:1 char:1
+ & "C:\Program 
Files\nodejs/node.exe" 
"C:\Program 
Files\nodejs/node_mo ...
+ ~~~~~~~~~~~~~~~~~~~~~~~~~
~~~~~~~~~~~~~~~~~~~~~~~~~~~
~~~~~~~~~~~~~~~~~
    + CategoryInfo         
     : NotSpecified: ([ba  
  seline-brows...ping@la   
 test -D`:String) [], R    
emoteException
    + FullyQualifiedErrorI 
   d : NativeCommandError
 
 ΓÜá Warning: Next.js 
inferred your workspace 
root, but it may not be 
correct.
 We detected multiple 
lockfiles and selected the 
directory of C:\Users\LENOV
O\package-lock.json as the 
root directory.
 To silence this warning, 
set `turbopack.root` in 
your Next.js config, or 
consider removing one of 
the lockfiles if it's not 
needed.
   See https://nextjs.org/d
ocs/app/api-reference/confi
g/next-config-js/turbopack#
root-directory for more 
information.
 Detected additional 
lockfiles: 
   * C:\Users\LENOVO\Docume
nts\forzen basket\web\mix-b
uilder-restoration\pnpm-loc
k.yaml

   Γû▓ Next.js 16.0.10 (Turbopack)
   - Environments: .env.local

   Creating an optimized production build ...
[baseline-browser-mapping] 
The data in this module is 
over two months old.  To 
ensure accurate Baseline 
data, please update: `npm 
i baseline-browser-mapping@
latest -D`

> Build error occurred
Error: Turbopack build 
failed with 1 errors:
./Documents/forzen basket/w
eb/mix-builder-restoration/
app/orders/page.tsx:7:1
Module not found: Can't 
resolve '@/lib/firebase/aut
h-context'
[0m [90m  5 |[39m 
[36mimport[39m { 
[33mSiteHeader[39m } 
[36mfrom[39m [32m"@/comp
onents/site-header"[39m
 [90m  6 |[39m 
[36mimport[39m { 
[33mSiteFooter[39m } 
[36mfrom[39m [32m"@/comp
onents/site-footer"[39m
[31m[1m>[22m[39m[90m  
7 |[39m [36mimport[39m 
{ useAuth } [36mfrom[39m 
[32m"@/lib/firebase/auth-c
ontext"[39m
 [90m    |[39m [31m[1m^
[22m[39m[31m[1m^[22m[
39m[31m[1m^[22m[39m[31
m[1m^[22m[39m[31m[1m^
[22m[39m[31m[1m^[22m[3
9m[31m[1m^[22m[39m[31m
[1m^[22m[39m[31m[1m^[
22m[39m[31m[1m^[22m[39
m[31m[1m^[22m[39m[31m
[1m^[22m[39m[31m[1m^[2
2m[39m[31m[1m^[22m[39m
[31m[1m^[22m[39m[31m[
1m^[22m[39m[31m[1m^[22
m[39m[31m[1m^[22m[39m
[31m[1m^[22m[39m[31m[1
m^[22m[39m[31m[1m^[22m
[39m[31m[1m^[22m[39m[
31m[1m^[22m[39m[31m[1m
^[22m[39m[31m[1m^[22m
[39m[31m[1m^[22m[39m[3
1m[1m^[22m[39m[31m[1m^
[22m[39m[31m[1m^[22m[
39m[31m[1m^[22m[39m[31
m[1m^[22m[39m[31m[1m^
[22m[39m[31m[1m^[22m[3
9m[31m[1m^[22m[39m[31m
[1m^[22m[39m[31m[1m^[
22m[39m[31m[1m^[22m[39
m[31m[1m^[22m[39m[31m
[1m^[22m[39m[31m[1m^[2
2m[39m[31m[1m^[22m[39m
[31m[1m^[22m[39m[31m[
1m^[22m[39m[31m[1m^[22
m[39m[31m[1m^[22m[39m
[31m[1m^[22m[39m[31m[1
m^[22m[39m[31m[1m^[22m
[39m[31m[1m^[22m[39m[
31m[1m^[22m[39m[31m[1m
^[22m[39m[31m[1m^[22m
[39m[31m[1m^[22m[39m
 [90m  8 |[39m 
[36mimport[39m { 
getUserOrders[33m,[39m 
type [33mOrder[39m } 
[36mfrom[39m [32m"@/lib/
firebase/database"[39m
 [90m  9 |[39m 
[36mimport[39m { 
useCartStore } 
[36mfrom[39m [32m"@/lib/
cart-store"[39m
 [90m 10 |[39m 
[36mimport[39m { [33mPac
kage[39m[33m,[39m 
[33mClock[39m[33m,[39m 
[33mCheckCircle2[39m[33m
,[39m 
[33mTruck[39m[33m,[39m 
[33mXCircle[39m[33m,[39
m [33mChevronDown[39m[33
m,[39m [33mChevronUp[39m
[33m,[39m 
[33mShoppingBag[39m } 
[36mfrom[39m [32m"lucide
-react"[39m[0m

Import map: aliased to 
relative './lib/firebase/au
th-context' inside of 
[project]/Documents/forzen 
basket/web/mix-builder-rest
oration


Import traces:
  Client Component Browser:
    ./Documents/forzen bask
et/web/mix-builder-restorat
ion/app/orders/page.tsx 
[Client Component Browser]
    ./Documents/forzen bask
et/web/mix-builder-restorat
ion/app/orders/page.tsx 
[Server Component]

  Client Component SSR:
    ./Documents/forzen bask
et/web/mix-builder-restorat
ion/app/orders/page.tsx 
[Client Component SSR]
    ./Documents/forzen bask
et/web/mix-builder-restorat
ion/app/orders/page.tsx 
[Server Component]

https://nextjs.org/docs/mes
sages/module-not-found


    at <unknown> 
(./Documents/forzen basket/
web/mix-builder-restoration
/app/orders/page.tsx:7:1)
    at <unknown> (https://n
extjs.org/docs/messages/mod
ule-not-found)
