
> my-v0-project@0.1.0 build
> next build

node.exe : [baseline-b
rowser-mapping] The 
data in this module 
is over two months 
old.  To ensure 
accurate Baseline 
data, please update: 
`npm i baseline-browse
r-mapping@latest -D`
At line:1 char:1
+ & "C:\Program Files\
nodejs/node.exe" 
"C:\Program 
Files\nodejs/node_mo 
...
+ ~~~~~~~~~~~~~~~~~~~~
~~~~~~~~~~~~~~~~~~~~~~
~~~~~~~~~~~~~~~~~~~~~~
~~~~~
    + CategoryInfo    
          : NotSpeci  
  fied: ([baseline-   
 brows...ping@late    
st -D`:String) []    
, RemoteException
    + FullyQualifiedE 
   rrorId : NativeCo  
  mmandError
 
 ΓÜá Warning: Next.js 
inferred your 
workspace root, but 
it may not be correct.
 We detected multiple 
lockfiles and 
selected the 
directory of C:\Users\
LENOVO\package-lock.js
on as the root 
directory.
 To silence this 
warning, set 
`turbopack.root` in 
your Next.js config, 
or consider removing 
one of the lockfiles 
if it's not needed.
   See https://nextjs.
org/docs/app/api-refer
ence/config/next-confi
g-js/turbopack#root-di
rectory for more 
information.
 Detected additional 
lockfiles: 
   * C:\Users\LENOVO\D
ocuments\forzen basket
\web\mix-builder-resto
ration\pnpm-lock.yaml

   Γû▓ Next.js 16.0.10 (Turbopack)
   - Environments: .env.local

   Creating an optimized production build ...
[baseline-browser-mapp
ing] The data in this 
module is over two 
months old.  To 
ensure accurate 
Baseline data, please 
update: `npm i baselin
e-browser-mapping@late
st -D`

> Build error occurred
Error: Turbopack 
build failed with 8 
errors:
./Documents/forzen bas
ket/web/mix-builder-re
storation/app/about/pa
ge.tsx:5:1
Module not found: 
Can't resolve 
'@/lib/cart-store'
[0m [90m 3 |[39m 
[36mimport[39m { 
[33mSiteHeader[39m 
} [36mfrom[39m [32m
"@/components/site-hea
der"[39m
 [90m 4 |[39m 
[36mimport[39m { 
[33mSiteFooter[39m 
} [36mfrom[39m [32m
"@/components/site-foo
ter"[39m
[31m[1m>[22m[39m[
90m 5 |[39m 
[36mimport[39m { 
useCartStore } 
[36mfrom[39m [32m"@
/lib/cart-store"[39m
 [90m   |[39m [31m
[1m^[22m[39m[31m[1
m^[22m[39m[31m[1m^
[22m[39m[31m[1m^[
22m[39m[31m[1m^[22
m[39m[31m[1m^[22m
[39m[31m[1m^[22m[3
9m[31m[1m^[22m[39m
[31m[1m^[22m[39m[
31m[1m^[22m[39m[31
m[1m^[22m[39m[31m
[1m^[22m[39m[31m[1
m^[22m[39m[31m[1m^
[22m[39m[31m[1m^[
22m[39m[31m[1m^[22
m[39m[31m[1m^[22m
[39m[31m[1m^[22m[3
9m[31m[1m^[22m[39m
[31m[1m^[22m[39m[
31m[1m^[22m[39m[31
m[1m^[22m[39m[31m
[1m^[22m[39m[31m[1
m^[22m[39m[31m[1m^
[22m[39m[31m[1m^[
22m[39m[31m[1m^[22
m[39m[31m[1m^[22m
[39m[31m[1m^[22m[3
9m[31m[1m^[22m[39m
[31m[1m^[22m[39m[
31m[1m^[22m[39m[31
m[1m^[22m[39m[31m
[1m^[22m[39m[31m[1
m^[22m[39m[31m[1m^
[22m[39m[31m[1m^[
22m[39m[31m[1m^[22
m[39m[31m[1m^[22m
[39m[31m[1m^[22m[3
9m[31m[1m^[22m[39m
[31m[1m^[22m[39m[
31m[1m^[22m[39m[31
m[1m^[22m[39m[31m
[1m^[22m[39m[31m[1
m^[22m[39m[31m[1m^
[22m[39m
 [90m 6 |[39m 
[36mimport[39m { [3
3mAward[39m[33m,[39
m [33mHeart[39m[33m
,[39m [33mLeaf[39m
[33m,[39m 
[33mTruck[39m } 
[36mfrom[39m [32m"l
ucide-react"[39m
 [90m 7 |[39m 
[36mimport[39m { 
useEffect[33m,[39m 
useState } 
[36mfrom[39m 
[32m"react"[39m
 [90m 8 |[39m[0m

Import map: aliased 
to relative 
'./lib/cart-store' 
inside of [project]/Do
cuments/forzen basket/
web/mix-builder-restor
ation


Import traces:
  Client Component 
Browser:
    
./Documents/forzen bas
ket/web/mix-builder-re
storation/app/about/pa
ge.tsx [Client 
Component Browser]
    
./Documents/forzen bas
ket/web/mix-builder-re
storation/app/about/pa
ge.tsx [Server 
Component]

  Client Component 
SSR:
    
./Documents/forzen bas
ket/web/mix-builder-re
storation/app/about/pa
ge.tsx [Client 
Component SSR]
    
./Documents/forzen bas
ket/web/mix-builder-re
storation/app/about/pa
ge.tsx [Server 
Component]

https://nextjs.org/doc
s/messages/module-not-
found


./Documents/forzen bas
ket/web/mix-builder-re
storation/app/bakery/[
id]/page.tsx:6:1
Module not found: 
Can't resolve 
'@/lib/cart-store'
[0m [90m 4 |[39m 
[36mimport[39m { 
useParams[33m,[39m 
useRouter } 
[36mfrom[39m [32m"n
ext/navigation"[39m
 [90m 5 |[39m 
[36mimport[39m { get
BakeryProduct[33m,[3
9m getBakeryToppings[
33m,[39m type [33mBa
keryProduct[39m[33m,
[39m type [33mBakery
Topping[39m 
[36mas[39m 
[33mDbTopping[39m } 
[36mfrom[39m [32m"@
/lib/local-api"[39m
[31m[1m>[22m[39m[
90m 6 |[39m 
[36mimport[39m { 
useCartStore } 
[36mfrom[39m [32m"@
/lib/cart-store"[39m
 [90m   |[39m [31m
[1m^[22m[39m[31m[1
m^[22m[39m[31m[1m^
[22m[39m[31m[1m^[
22m[39m[31m[1m^[22
m[39m[31m[1m^[22m
[39m[31m[1m^[22m[3
9m[31m[1m^[22m[39m
[31m[1m^[22m[39m[
31m[1m^[22m[39m[31
m[1m^[22m[39m[31m
[1m^[22m[39m[31m[1
m^[22m[39m[31m[1m^
[22m[39m[31m[1m^[
22m[39m[31m[1m^[22
m[39m[31m[1m^[22m
[39m[31m[1m^[22m[3
9m[31m[1m^[22m[39m
[31m[1m^[22m[39m[
31m[1m^[22m[39m[31
m[1m^[22m[39m[31m
[1m^[22m[39m[31m[1
m^[22m[39m[31m[1m^
[22m[39m[31m[1m^[
22m[39m[31m[1m^[22
m[39m[31m[1m^[22m
[39m[31m[1m^[22m[3
9m[31m[1m^[22m[39m
[31m[1m^[22m[39m[
31m[1m^[22m[39m[31
m[1m^[22m[39m[31m
[1m^[22m[39m[31m[1
m^[22m[39m[31m[1m^
[22m[39m[31m[1m^[
22m[39m[31m[1m^[22
m[39m[31m[1m^[22m
[39m[31m[1m^[22m[3
9m[31m[1m^[22m[39m
[31m[1m^[22m[39m[
31m[1m^[22m[39m[31
m[1m^[22m[39m[31m
[1m^[22m[39m[31m[1
m^[22m[39m[31m[1m^
[22m[39m
 [90m 7 |[39m 
[36mimport[39m type 
{ [33mBakeryTopping[
39m[33m,[39m 
[33mBakeryOrder[39m 
} [36mfrom[39m [32m
"@/lib/types"[39m
 [90m 8 |[39m 
[36mimport[39m { [3
3mArrowLeft[39m[33m,
[39m [33mPlus[39m[
33m,[39m [33mMinus[
39m[33m,[39m [33mSh
oppingCart[39m[33m,
[39m [33mCheck[39m[
33m,[39m 
[33mCroissant[39m } 
[36mfrom[39m [32m"l
ucide-react"[39m
 [90m 9 |[39m 
[36mimport[39m 
[33mLink[39m 
[36mfrom[39m [32m"n
ext/link"[39m[0m

Import map: aliased 
to relative 
'./lib/cart-store' 
inside of [project]/Do
cuments/forzen basket/
web/mix-builder-restor
ation


Import traces:
  Client Component 
Browser:
    
./Documents/forzen bas
ket/web/mix-builder-re
storation/app/bakery/[
id]/page.tsx [Client 
Component Browser]
    
./Documents/forzen bas
ket/web/mix-builder-re
storation/app/bakery/[
id]/page.tsx [Server 
Component]

  Client Component 
SSR:
    
./Documents/forzen bas
ket/web/mix-builder-re
storation/app/bakery/[
id]/page.tsx [Client 
Component SSR]
    
./Documents/forzen bas
ket/web/mix-builder-re
storation/app/bakery/[
id]/page.tsx [Server 
Component]

https://nextjs.org/doc
s/messages/module-not-
found


./Documents/forzen bas
ket/web/mix-builder-re
storation/app/car-menu
/page.tsx:5:1
Module not found: 
Can't resolve 
'@/lib/cart-store'
[0m [90m 3 |[39m 
[36mimport[39m { 
[33mSiteHeader[39m 
} [36mfrom[39m [32m
"@/components/site-hea
der"[39m
 [90m 4 |[39m 
[36mimport[39m { 
[33mSiteFooter[39m 
} [36mfrom[39m [32m
"@/components/site-foo
ter"[39m
[31m[1m>[22m[39m[
90m 5 |[39m 
[36mimport[39m { 
useCartStore } 
[36mfrom[39m [32m"@
/lib/cart-store"[39m
 [90m   |[39m [31m
[1m^[22m[39m[31m[1
m^[22m[39m[31m[1m^
[22m[39m[31m[1m^[
22m[39m[31m[1m^[22
m[39m[31m[1m^[22m
[39m[31m[1m^[22m[3
9m[31m[1m^[22m[39m
[31m[1m^[22m[39m[
31m[1m^[22m[39m[31
m[1m^[22m[39m[31m
[1m^[22m[39m[31m[1
m^[22m[39m[31m[1m^
[22m[39m[31m[1m^[
22m[39m[31m[1m^[22
m[39m[31m[1m^[22m
[39m[31m[1m^[22m[3
9m[31m[1m^[22m[39m
[31m[1m^[22m[39m[
31m[1m^[22m[39m[31
m[1m^[22m[39m[31m
[1m^[22m[39m[31m[1
m^[22m[39m[31m[1m^
[22m[39m[31m[1m^[
22m[39m[31m[1m^[22
m[39m[31m[1m^[22m
[39m[31m[1m^[22m[3
9m[31m[1m^[22m[39m
[31m[1m^[22m[39m[
31m[1m^[22m[39m[31
m[1m^[22m[39m[31m
[1m^[22m[39m[31m[1
m^[22m[39m[31m[1m^
[22m[39m[31m[1m^[
22m[39m[31m[1m^[22
m[39m[31m[1m^[22m
[39m[31m[1m^[22m[3
9m[31m[1m^[22m[39m
[31m[1m^[22m[39m[
31m[1m^[22m[39m[31
m[1m^[22m[39m[31m
[1m^[22m[39m[31m[1
m^[22m[39m[31m[1m^
[22m[39m
 [90m 6 |[39m 
[36mimport[39m { [3
3mCar[39m[33m,[39m 
[33mClock[39m[33m,
[39m [33mPhone[39m[
33m,[39m 
[33mMapPin[39m } 
[36mfrom[39m [32m"l
ucide-react"[39m
 [90m 7 |[39m
 [90m 8 |[39m 
[36mexport[39m 
[36mdefault[39m 
[36mfunction[39m [3
3mCarMenuPage[39m() 
{[0m

Import map: aliased 
to relative 
'./lib/cart-store' 
inside of [project]/Do
cuments/forzen basket/
web/mix-builder-restor
ation


Import traces:
  Client Component 
Browser:
    
./Documents/forzen bas
ket/web/mix-builder-re
storation/app/car-menu
/page.tsx [Client 
Component Browser]
    
./Documents/forzen bas
ket/web/mix-builder-re
storation/app/car-menu
/page.tsx [Server 
Component]

  Client Component 
SSR:
    
./Documents/forzen bas
ket/web/mix-builder-re
storation/app/car-menu
/page.tsx [Client 
Component SSR]
    
./Documents/forzen bas
ket/web/mix-builder-re
storation/app/car-menu
/page.tsx [Server 
Component]

https://nextjs.org/doc
s/messages/module-not-
found


./Documents/forzen bas
ket/web/mix-builder-re
storation/app/checkout
/page.tsx:6:1
Module not found: 
Can't resolve 
'@/lib/cart-store'
[0m [90m 4 |[39m 
[36mimport[39m { 
[33mSiteHeader[39m 
} [36mfrom[39m [32m
"@/components/site-hea
der"[39m
 [90m 5 |[39m 
[36mimport[39m { 
[33mSiteFooter[39m 
} [36mfrom[39m [32m
"@/components/site-foo
ter"[39m
[31m[1m>[22m[39m[
90m 6 |[39m 
[36mimport[39m { 
useCartStore } 
[36mfrom[39m [32m"@
/lib/cart-store"[39m
 [90m   |[39m [31m
[1m^[22m[39m[31m[1
m^[22m[39m[31m[1m^
[22m[39m[31m[1m^[
22m[39m[31m[1m^[22
m[39m[31m[1m^[22m
[39m[31m[1m^[22m[3
9m[31m[1m^[22m[39m
[31m[1m^[22m[39m[
31m[1m^[22m[39m[31
m[1m^[22m[39m[31m
[1m^[22m[39m[31m[1
m^[22m[39m[31m[1m^
[22m[39m[31m[1m^[
22m[39m[31m[1m^[22
m[39m[31m[1m^[22m
[39m[31m[1m^[22m[3
9m[31m[1m^[22m[39m
[31m[1m^[22m[39m[
31m[1m^[22m[39m[31
m[1m^[22m[39m[31m
[1m^[22m[39m[31m[1
m^[22m[39m[31m[1m^
[22m[39m[31m[1m^[
22m[39m[31m[1m^[22
m[39m[31m[1m^[22m
[39m[31m[1m^[22m[3
9m[31m[1m^[22m[39m
[31m[1m^[22m[39m[
31m[1m^[22m[39m[31
m[1m^[22m[39m[31m
[1m^[22m[39m[31m[1
m^[22m[39m[31m[1m^
[22m[39m[31m[1m^[
22m[39m[31m[1m^[22
m[39m[31m[1m^[22m
[39m[31m[1m^[22m[3
9m[31m[1m^[22m[39m
[31m[1m^[22m[39m[
31m[1m^[22m[39m[31
m[1m^[22m[39m[31m
[1m^[22m[39m[31m[1
m^[22m[39m[31m[1m^
[22m[39m
 [90m 7 |[39m 
[36mimport[39m { 
[33mButton[39m } 
[36mfrom[39m [32m"@
/components/ui/button"
[39m
 [90m 8 |[39m 
[36mimport[39m { 
[33mInput[39m } 
[36mfrom[39m [32m"@
/components/ui/input"
[39m
 [90m 9 |[39m 
[36mimport[39m { 
[33mLabel[39m } 
[36mfrom[39m [32m"@
/components/ui/label"
[39m[0m

Import map: aliased 
to relative 
'./lib/cart-store' 
inside of [project]/Do
cuments/forzen basket/
web/mix-builder-restor
ation


Import traces:
  Client Component 
Browser:
    
./Documents/forzen bas
ket/web/mix-builder-re
storation/app/checkout
/page.tsx [Client 
Component Browser]
    
./Documents/forzen bas
ket/web/mix-builder-re
storation/app/checkout
/page.tsx [Server 
Component]

  Client Component 
SSR:
    
./Documents/forzen bas
ket/web/mix-builder-re
storation/app/checkout
/page.tsx [Client 
Component SSR]
    
./Documents/forzen bas
ket/web/mix-builder-re
storation/app/checkout
/page.tsx [Server 
Component]

https://nextjs.org/doc
s/messages/module-not-
found


./Documents/forzen bas
ket/web/mix-builder-re
storation/app/contact/
page.tsx:6:1
Module not found: 
Can't resolve 
'@/lib/cart-store'
[0m [90m 4 |[39m 
[36mimport[39m { 
[33mSiteHeader[39m 
} [36mfrom[39m [32m
"@/components/site-hea
der"[39m
 [90m 5 |[39m 
[36mimport[39m { 
[33mSiteFooter[39m 
} [36mfrom[39m [32m
"@/components/site-foo
ter"[39m
[31m[1m>[22m[39m[
90m 6 |[39m 
[36mimport[39m { 
useCartStore } 
[36mfrom[39m [32m"@
/lib/cart-store"[39m
 [90m   |[39m [31m
[1m^[22m[39m[31m[1
m^[22m[39m[31m[1m^
[22m[39m[31m[1m^[
22m[39m[31m[1m^[22
m[39m[31m[1m^[22m
[39m[31m[1m^[22m[3
9m[31m[1m^[22m[39m
[31m[1m^[22m[39m[
31m[1m^[22m[39m[31
m[1m^[22m[39m[31m
[1m^[22m[39m[31m[1
m^[22m[39m[31m[1m^
[22m[39m[31m[1m^[
22m[39m[31m[1m^[22
m[39m[31m[1m^[22m
[39m[31m[1m^[22m[3
9m[31m[1m^[22m[39m
[31m[1m^[22m[39m[
31m[1m^[22m[39m[31
m[1m^[22m[39m[31m
[1m^[22m[39m[31m[1
m^[22m[39m[31m[1m^
[22m[39m[31m[1m^[
22m[39m[31m[1m^[22
m[39m[31m[1m^[22m
[39m[31m[1m^[22m[3
9m[31m[1m^[22m[39m
[31m[1m^[22m[39m[
31m[1m^[22m[39m[31
m[1m^[22m[39m[31m
[1m^[22m[39m[31m[1
m^[22m[39m[31m[1m^
[22m[39m[31m[1m^[
22m[39m[31m[1m^[22
m[39m[31m[1m^[22m
[39m[31m[1m^[22m[3
9m[31m[1m^[22m[39m
[31m[1m^[22m[39m[
31m[1m^[22m[39m[31
m[1m^[22m[39m[31m
[1m^[22m[39m[31m[1
m^[22m[39m[31m[1m^
[22m[39m
 [90m 7 |[39m 
[36mimport[39m { [3
3mMapPin[39m[33m,[3
9m [33mPhone[39m[33
m,[39m [33mClock[39
m[33m,[39m [33mMail
[39m[33m,[39m [33m
MessageCircle[39m[33
m,[39m [33mSend[39m
[33m,[39m [33mInsta
gram[39m[33m,[39m 
[33mFacebook[39m } 
[36mfrom[39m [32m"l
ucide-react"[39m
 [90m 8 |[39m
 [90m 9 |[39m 
[36mexport[39m 
[36mdefault[39m 
[36mfunction[39m [3
3mContactPage[39m() 
{[0m

Import map: aliased 
to relative 
'./lib/cart-store' 
inside of [project]/Do
cuments/forzen basket/
web/mix-builder-restor
ation


Import traces:
  Client Component 
Browser:
    
./Documents/forzen bas
ket/web/mix-builder-re
storation/app/contact/
page.tsx [Client 
Component Browser]
    
./Documents/forzen bas
ket/web/mix-builder-re
storation/app/contact/
page.tsx [Server 
Component]

  Client Component 
SSR:
    
./Documents/forzen bas
ket/web/mix-builder-re
storation/app/contact/
page.tsx [Client 
Component SSR]
    
./Documents/forzen bas
ket/web/mix-builder-re
storation/app/contact/
page.tsx [Server 
Component]

https://nextjs.org/doc
s/messages/module-not-
found


./Documents/forzen bas
ket/web/mix-builder-re
storation/app/layout.t
sx:5:1
Module not found: 
Can't resolve 
'@/lib/cart-store'
[0m [90m 3 |[39m 
[90m// import { 
Geist, Geist_Mono, 
Pacifico } from "next/
font/google"[39m
 [90m 4 |[39m 
[36mimport[39m { 
[33mAnalytics[39m } 
[36mfrom[39m [32m"@
vercel/analytics/next"
[39m
[31m[1m>[22m[39m[
90m 5 |[39m 
[36mimport[39m { [3
3mCartProvider[39m } 
[36mfrom[39m [32m"@
/lib/cart-store"[39m
 [90m   |[39m [31m
[1m^[22m[39m[31m[1
m^[22m[39m[31m[1m^
[22m[39m[31m[1m^[
22m[39m[31m[1m^[22
m[39m[31m[1m^[22m
[39m[31m[1m^[22m[3
9m[31m[1m^[22m[39m
[31m[1m^[22m[39m[
31m[1m^[22m[39m[31
m[1m^[22m[39m[31m
[1m^[22m[39m[31m[1
m^[22m[39m[31m[1m^
[22m[39m[31m[1m^[
22m[39m[31m[1m^[22
m[39m[31m[1m^[22m
[39m[31m[1m^[22m[3
9m[31m[1m^[22m[39m
[31m[1m^[22m[39m[
31m[1m^[22m[39m[31
m[1m^[22m[39m[31m
[1m^[22m[39m[31m[1
m^[22m[39m[31m[1m^
[22m[39m[31m[1m^[
22m[39m[31m[1m^[22
m[39m[31m[1m^[22m
[39m[31m[1m^[22m[3
9m[31m[1m^[22m[39m
[31m[1m^[22m[39m[
31m[1m^[22m[39m[31
m[1m^[22m[39m[31m
[1m^[22m[39m[31m[1
m^[22m[39m[31m[1m^
[22m[39m[31m[1m^[
22m[39m[31m[1m^[22
m[39m[31m[1m^[22m
[39m[31m[1m^[22m[3
9m[31m[1m^[22m[39m
[31m[1m^[22m[39m[
31m[1m^[22m[39m[31
m[1m^[22m[39m[31m
[1m^[22m[39m[31m[1
m^[22m[39m[31m[1m^
[22m[39m
 [90m 6 |[39m 
[36mimport[39m { [3
3mMascotWidget[39m } 
[36mfrom[39m [32m"@
/components/mascot/mas
cot-widget"[39m
 [90m 7 |[39m 
[36mimport[39m { [3
3mThemeSwitcher[39m 
} [36mfrom[39m [32m
"@/components/theme-sw
itcher"[39m
 [90m 8 |[39m 
[36mimport[39m { 
[33mAOSInit[39m } 
[36mfrom[39m [32m"@
/components/aos-init"
[39m[0m

Import map: aliased 
to relative 
'./lib/cart-store' 
inside of [project]/Do
cuments/forzen basket/
web/mix-builder-restor
ation


https://nextjs.org/doc
s/messages/module-not-
found


./Documents/forzen bas
ket/web/mix-builder-re
storation/app/menu/pag
e.tsx:9:1
Module not found: 
Can't resolve 
'@/lib/cart-store'
[0m [90m  7 |[39m 
[36mimport[39m { 
[33mSiteFooter[39m 
} [36mfrom[39m [32m
"@/components/site-foo
ter"[39m
 [90m  8 |[39m 
[36mimport[39m { [3
3mChevronRight[39m } 
[36mfrom[39m [32m"l
ucide-react"[39m
[31m[1m>[22m[39m[
90m  9 |[39m 
[36mimport[39m { 
useCartStore } 
[36mfrom[39m [32m"@
/lib/cart-store"[39m
 [90m    |[39m [31m
[1m^[22m[39m[31m[
1m^[22m[39m[31m[1m
^[22m[39m[31m[1m^
[22m[39m[31m[1m^[2
2m[39m[31m[1m^[22m
[39m[31m[1m^[22m[
39m[31m[1m^[22m[39
m[31m[1m^[22m[39m
[31m[1m^[22m[39m[3
1m[1m^[22m[39m[31m
[1m^[22m[39m[31m[
1m^[22m[39m[31m[1m
^[22m[39m[31m[1m^
[22m[39m[31m[1m^[2
2m[39m[31m[1m^[22m
[39m[31m[1m^[22m[
39m[31m[1m^[22m[39
m[31m[1m^[22m[39m
[31m[1m^[22m[39m[3
1m[1m^[22m[39m[31m
[1m^[22m[39m[31m[
1m^[22m[39m[31m[1m
^[22m[39m[31m[1m^
[22m[39m[31m[1m^[2
2m[39m[31m[1m^[22m
[39m[31m[1m^[22m[
39m[31m[1m^[22m[39
m[31m[1m^[22m[39m
[31m[1m^[22m[39m[3
1m[1m^[22m[39m[31m
[1m^[22m[39m[31m[
1m^[22m[39m[31m[1m
^[22m[39m[31m[1m^
[22m[39m[31m[1m^[2
2m[39m[31m[1m^[22m
[39m[31m[1m^[22m[
39m[31m[1m^[22m[39
m[31m[1m^[22m[39m
[31m[1m^[22m[39m[3
1m[1m^[22m[39m[31m
[1m^[22m[39m[31m[
1m^[22m[39m[31m[1m
^[22m[39m
 [90m 10 |[39m 
[36mimport[39m { 
useRouter[33m,[39m 
useSearchParams } 
[36mfrom[39m [32m"n
ext/navigation"[39m
 [90m 11 |[39m
 [90m 12 |[39m 
[36mimport[39m { [3
3mMENU_CATEGORIES[39m
 } [36mfrom[39m [32
m"@/lib/menu-data"[39
m[0m

Import map: aliased 
to relative 
'./lib/cart-store' 
inside of [project]/Do
cuments/forzen basket/
web/mix-builder-restor
ation


Import traces:
  Client Component 
Browser:
    
./Documents/forzen bas
ket/web/mix-builder-re
storation/app/menu/pag
e.tsx [Client 
Component Browser]
    
./Documents/forzen bas
ket/web/mix-builder-re
storation/app/menu/pag
e.tsx [Server 
Component]

  Client Component 
SSR:
    
./Documents/forzen bas
ket/web/mix-builder-re
storation/app/menu/pag
e.tsx [Client 
Component SSR]
    
./Documents/forzen bas
ket/web/mix-builder-re
storation/app/menu/pag
e.tsx [Server 
Component]

https://nextjs.org/doc
s/messages/module-not-
found


./Documents/forzen bas
ket/web/mix-builder-re
storation/app/page.tsx
:8:1
Module not found: 
Can't resolve 
'@/lib/cart-store'
[0m [90m  6 |[39m 
[36mimport[39m { 
[33mSiteFooter[39m 
} [36mfrom[39m [32m
"@/components/site-foo
ter"[39m
 [90m  7 |[39m 
[36mimport[39m { [3
3mMapPin[39m[33m,[3
9m [33mPhone[39m[33
m,[39m [33mClock[39
m[33m,[39m 
[33mSparkles[39m } 
[36mfrom[39m [32m"l
ucide-react"[39m
[31m[1m>[22m[39m[
90m  8 |[39m 
[36mimport[39m { 
useCartStore } 
[36mfrom[39m [32m"@
/lib/cart-store"[39m
 [90m    |[39m [31m
[1m^[22m[39m[31m[
1m^[22m[39m[31m[1m
^[22m[39m[31m[1m^
[22m[39m[31m[1m^[2
2m[39m[31m[1m^[22m
[39m[31m[1m^[22m[
39m[31m[1m^[22m[39
m[31m[1m^[22m[39m
[31m[1m^[22m[39m[3
1m[1m^[22m[39m[31m
[1m^[22m[39m[31m[
1m^[22m[39m[31m[1m
^[22m[39m[31m[1m^
[22m[39m[31m[1m^[2
2m[39m[31m[1m^[22m
[39m[31m[1m^[22m[
39m[31m[1m^[22m[39
m[31m[1m^[22m[39m
[31m[1m^[22m[39m[3
1m[1m^[22m[39m[31m
[1m^[22m[39m[31m[
1m^[22m[39m[31m[1m
^[22m[39m[31m[1m^
[22m[39m[31m[1m^[2
2m[39m[31m[1m^[22m
[39m[31m[1m^[22m[
39m[31m[1m^[22m[39
m[31m[1m^[22m[39m
[31m[1m^[22m[39m[3
1m[1m^[22m[39m[31m
[1m^[22m[39m[31m[
1m^[22m[39m[31m[1m
^[22m[39m[31m[1m^
[22m[39m[31m[1m^[2
2m[39m[31m[1m^[22m
[39m[31m[1m^[22m[
39m[31m[1m^[22m[39
m[31m[1m^[22m[39m
[31m[1m^[22m[39m[3
1m[1m^[22m[39m[31m
[1m^[22m[39m[31m[
1m^[22m[39m[31m[1m
^[22m[39m
 [90m  9 |[39m 
[36mimport[39m { 
motion } 
[36mfrom[39m [32m"f
ramer-motion"[39m
 [90m 10 |[39m 
[36mimport[39m { 
[33mHeroSlider[39m 
} [36mfrom[39m [32m
"@/components/hero-sli
der"[39m
 [90m 11 |[39m[0m

Import map: aliased 
to relative 
'./lib/cart-store' 
inside of [project]/Do
cuments/forzen basket/
web/mix-builder-restor
ation


Import traces:
  Client Component 
Browser:
    
./Documents/forzen bas
ket/web/mix-builder-re
storation/app/page.tsx
 [Client Component 
Browser]
    
./Documents/forzen bas
ket/web/mix-builder-re
storation/app/page.tsx
 [Server Component]

  Client Component 
SSR:
    
./Documents/forzen bas
ket/web/mix-builder-re
storation/app/page.tsx
 [Client Component 
SSR]
    
./Documents/forzen bas
ket/web/mix-builder-re
storation/app/page.tsx
 [Server Component]

https://nextjs.org/doc
s/messages/module-not-
found


    at <unknown> 
(./Documents/forzen ba
sket/web/mix-builder-r
estoration/app/about/p
age.tsx:5:1)
    at <unknown> (http
s://nextjs.org/docs/me
ssages/module-not-foun
d)
    at <unknown> 
(./Documents/forzen ba
sket/web/mix-builder-r
estoration/app/bakery/
[id]/page.tsx:6:1)
    at <unknown> (http
s://nextjs.org/docs/me
ssages/module-not-foun
d)
    at <unknown> 
(./Documents/forzen ba
sket/web/mix-builder-r
estoration/app/car-men
u/page.tsx:5:1)
    at <unknown> (http
s://nextjs.org/docs/me
ssages/module-not-foun
d)
    at <unknown> 
(./Documents/forzen ba
sket/web/mix-builder-r
estoration/app/checkou
t/page.tsx:6:1)
    at <unknown> (http
s://nextjs.org/docs/me
ssages/module-not-foun
d)
    at <unknown> 
(./Documents/forzen ba
sket/web/mix-builder-r
estoration/app/contact
/page.tsx:6:1)
    at <unknown> (http
s://nextjs.org/docs/me
ssages/module-not-foun
d)
    at <unknown> 
(./Documents/forzen ba
sket/web/mix-builder-r
estoration/app/layout.
tsx:5:1)
    at <unknown> (http
s://nextjs.org/docs/me
ssages/module-not-foun
d)
    at <unknown> 
(./Documents/forzen ba
sket/web/mix-builder-r
estoration/app/menu/pa
ge.tsx:9:1)
    at <unknown> (http
s://nextjs.org/docs/me
ssages/module-not-foun
d)
    at <unknown> 
(./Documents/forzen ba
sket/web/mix-builder-r
estoration/app/page.ts
x:8:1)
    at <unknown> (http
s://nextjs.org/docs/me
ssages/module-not-foun
d)
